AAA 0.0000
AAC 0.0000
AAG 0.0000
AAT 0.0000
ACA 0.0234
ACC 0.0000
ACG 0.0312
ACT 0.0312
AGA 0.0078
AGC 0.0938
AGG 0.0078
AGT 0.0000
ATA 0.0000
ATC 0.1016
ATG 0.0000
ATT 0.0000
CAA 0.0000
CAC 0.0312
CAG 0.0781
CAT 0.0547
CCA 0.0000
CCC 0.0000
CCG 0.0000
CCT 0.0000
CGA 0.0703
CGC 0.0156
CGG 0.0000
CGT 0.0000
CTA 0.0547
CTC 0.0078
CTG 0.0078
CTT 0.0000
GAA 0.0000
GAC 0.0234
GAG 0.0000
GAT 0.0469
GCA 0.0625
GCC 0.0000
GCG 0.0234
GCT 0.0391
GGA 0.0000
GGC 0.0078
GGG 0.0078
GGT 0.0000
GTA 0.0000
GTC 0.0000
GTG 0.0000
GTT 0.0000
TAA 0.0000
TAC 0.0234
TAG 0.0312
TAT 0.0000
TCA 0.0781
TCC 0.0000
TCG 0.0312
TCT 0.0000
TGA 0.0000
TGC 0.0078
TGG 0.0000
TGT 0.0000
TTA 0.0000
TTC 0.0000
TTG 0.0000
TTT 0.0000
